INFO: JPF created and connected, SuT is started
INFO: Breakpoint hit: [1 :  state=BP_STATE_ENABLED hits=3157 hitsTotal=3157 instruction_type=any]
	SuT (Thread=0) executes the gov/nasa/jpf/inspector/tests/acceptance/sut/Singlepath.java:0 - invokestatic gov.nasa.jpf.inspector.tests.acceptance.sut.Singlepath.main([Ljava/lang/String;)V
user constant (java.lang.Object) = null
Breakpoint with ID 1 successfully deleted.